--- Starting Integration Tests ---

[1] Creating a test user...
[2026-02-22 20:13:34.349 +0100] [32mINFO[39m: [36mPrisma client initialized with enhanced observability[39m
prisma:query INSERT INTO "public"."users" ("id","did","email","emailVerified","phoneVerified","verificationLevel","verificationBadges","trustScore","publicKey","keyType","status","mfaEnabled","backupCodes","createdAt","updatedAt","lastSeenAt","settings","privacyPreferences") VALUES ($1,$2,$3,$4,$5,$6,$7,$8,$9,$10,CAST($11::text AS "public"."AccountStatus"),$12,$13,$14,$15,$16,$17,$18) ON CONFLICT ("email") DO UPDATE SET "mfaEnabled" = $19, "mfaSecret" = $20, "backupCodes" = $21, "updatedAt" = $22 WHERE ("public"."users"."email" = $23 AND 1=1) RETURNING "public"."users"."id", "public"."users"."did", "public"."users"."handle", "public"."users"."displayName", "public"."users"."email", "public"."users"."emailVerified", "public"."users"."phoneNumber", "public"."users"."phoneVerified", "public"."users"."avatarUrl", "public"."users"."verificationLevel", "public"."users"."verificationBadges", "public"."users"."trustScore", "public"."users"."publicKey", "public"."users"."keyType", "public"."users"."status"::text, "public"."users"."deletedAt", "public"."users"."deletionRequestedAt", "public"."users"."suspendedAt", "public"."users"."suspensionReason", "public"."users"."bannedAt", "public"."users"."banReason", "public"."users"."mfaEnabled", "public"."users"."mfaSecret", "public"."users"."backupCodes", "public"."users"."pdsUrl", "public"."users"."createdAt", "public"."users"."updatedAt", "public"."users"."lastSeenAt", "public"."users"."settings", "public"."users"."privacyPreferences"
User created. ID: 37db06a8-4617-4c20-9549-04c7bb2dd2da

[2] Generating API key for user...
[2026-02-22 20:13:35.338 +0100] [33mWARN[39m: [36mSLOW_QUERY: upsert on User took 858ms[39m
    [35mmodel[39m: "User"
    [35maction[39m: "upsert"
    [35mduration[39m: 858
[2026-02-22 20:13:35.341 +0100] [33mWARN[39m: [36mPerformance issue reported[39m
    [35mmessage[39m: "Performance Issue: database_query_time"
    [35mvalue[39m: 858
    [35mthreshold[39m: 100
    [35mcontext[39m: {
      "model": "User",
      "operation": "upsert",
      "query": {
        "where": {
          "email": "testmfa@example.com"
        },
        "update": {
          "mfaEnabled": false,
          "mfaSecret": null,
          "backupCodes": []
        },
        "create": {
          "email": "testmfa@example.com",
          "did": "did:key:zTest1771787614470",
          "publicKey": "mock-public-key",
          "trustScore": 100
        }
      }
    }
    [35mseverity[39m: "medium"
prisma:query INSERT INTO "public"."api_keys" ("id","userId","keyHash","name","expiresAt","createdAt") VALUES ($1,$2,$3,$4,$5,$6) RETURNING "public"."api_keys"."id", "public"."api_keys"."userId", "public"."api_keys"."keyHash", "public"."api_keys"."name", "public"."api_keys"."lastUsed", "public"."api_keys"."expiresAt", "public"."api_keys"."createdAt"
Generated Key: vk_live_2qL2czmLcAGybT6DxwQ3ARHA58phDqPIqptb0K4GVKY

[3] Testing GET /me/api-keys with generated key...

[4] Testing POST /me/mfa/setup...
Γ¥î GET /me/api-keys failed: {
  success: false,
  error: "Not authenticated",
}
Γ¥î MFA Setup failed: {
  success: false,
  error: "Not authenticated or missing email",
}
